Resolving dependencies...
Downloading packages...
  _flutterfire_internals 1.3.73 (1.3.75 available)
  app_links 7.2.0 (7.2.1 available)
  app_links_platform_interface 2.0.3 (2.0.4 available)
  cli_util 0.4.2 (0.5.2 available)
  cloud_firestore 6.6.0 (6.7.1 available)
  cloud_firestore_platform_interface 8.0.3 (8.0.5 available)
  cloud_firestore_web 5.6.0 (5.7.1 available)
  device_info_plus 11.5.0 (13.2.0 available)
  device_info_plus_platform_interface 7.0.3 (8.1.0 available)
  file_picker 8.3.7 (11.0.3 available)
  firebase_auth 6.5.4 (6.5.6 available)
  firebase_auth_platform_interface 9.0.3 (9.0.5 available)
  firebase_auth_web 6.2.3 (6.2.5 available)
  firebase_core 4.11.0 (4.12.1 available)
  firebase_core_platform_interface 7.1.0 (8.0.0 available)
  firebase_core_web 3.9.0 (3.9.1 available)
  firebase_messaging 16.4.1 (16.4.3 available)
  firebase_messaging_platform_interface 4.9.0 (4.9.2 available)
  firebase_messaging_web 4.2.1 (4.2.3 available)
  firebase_storage 13.4.3 (13.4.5 available)
  firebase_storage_platform_interface 6.0.3 (6.0.5 available)
  firebase_storage_web 3.11.9 (3.11.11 available)
  flutter_cache_manager 3.4.1 (3.4.2 available)
  flutter_hooks 0.20.5 (0.21.3+1 available)
  google_fonts 6.3.3 (8.2.1 available)
  google_sign_in 6.3.0 (7.2.0 available)
  google_sign_in_android 6.2.1 (7.2.16 available)
  google_sign_in_ios 5.9.0 (6.3.0 available)
  google_sign_in_platform_interface 2.5.0 (3.1.0 available)
  google_sign_in_web 0.12.4+4 (1.1.3 available)
  hooks 2.0.2 (2.1.0 available)
  image 4.8.0 (4.9.1 available)
  jni 1.0.0 (1.0.3 available)
  jni_flutter 1.0.1 (1.0.2 available)
  lottie 3.5.0 (3.5.1 available)
  matcher 0.12.19 (0.12.20 available)
  meta 1.18.0 (1.19.0 available)
  objective_c 9.4.1 (9.5.0 available)
  package_config 2.2.0 (3.0.0 available)
  package_info_plus 8.3.1 (10.2.1 available)
  package_info_plus_platform_interface 3.2.1 (4.1.0 available)
  passkeys_platform_interface 2.8.0 (2.9.0 available)
  posix 6.5.0 (6.5.2 available)
  record_use 0.6.0 (1.0.0 available)
  share_plus 10.1.4 (13.3.0 available)
  share_plus_platform_interface 5.0.2 (7.2.0 available)
  shared_preferences_android 2.4.26 (2.4.27 available)
  synchronized 3.4.1 (3.4.1+1 available)
  test_api 0.7.11 (0.7.13 available)
  uuid 4.5.3 (4.6.0 available)
  vector_math 2.2.0 (2.4.2 available)
  win32 5.15.0 (6.3.0 available)
  win32_registry 2.1.0 (3.0.3 available)
  xml 6.6.1 (7.0.1 available)
Got dependencies!
54 packages have newer versions incompatible with dependency constraints.
Try `flutter pub outdated` for more information.
Running Gradle task 'assembleRelease'...                        

D:\hkt\ArenaTV_FULL_BACKUP\ff_arena\android>if "Windows_NT" == "Windows_NT" setlocal

D:\hkt\ArenaTV_FULL_BACKUP\ff_arena\android>set DEFAULT_JVM_OPTS= 

D:\hkt\ArenaTV_FULL_BACKUP\ff_arena\android>set DIRNAME=D:\hkt\ArenaTV_FULL_BACKUP\ff_arena\android\ 

D:\hkt\ArenaTV_FULL_BACKUP\ff_arena\android>if "D:\hkt\ArenaTV_FULL_BACKUP\ff_arena\android\" == "" set DIRNAME=. 

D:\hkt\ArenaTV_FULL_BACKUP\ff_arena\android>set APP_BASE_NAME=gradlew 

D:\hkt\ArenaTV_FULL_BACKUP\ff_arena\android>set APP_HOME=D:\hkt\ArenaTV_FULL_BACKUP\ff_arena\android\ 

D:\hkt\ArenaTV_FULL_BACKUP\ff_arena\android>if defined JAVA_HOME goto findJavaFromJavaHome 

D:\hkt\ArenaTV_FULL_BACKUP\ff_arena\android>set JAVA_HOME=C:\Program Files\Android\Android Studio\jbr 

D:\hkt\ArenaTV_FULL_BACKUP\ff_arena\android>set JAVA_EXE=C:\Program Files\Android\Android Studio\jbr/bin/java.exe 

D:\hkt\ArenaTV_FULL_BACKUP\ff_arena\android>if exist "C:\Program Files\Android\Android Studio\jbr/bin/java.exe" goto init 

D:\hkt\ArenaTV_FULL_BACKUP\ff_arena\android>if not "Windows_NT" == "Windows_NT" goto win9xME_args 

D:\hkt\ArenaTV_FULL_BACKUP\ff_arena\android>if "@eval[2+2]" == "4" goto 4NT_args 

D:\hkt\ArenaTV_FULL_BACKUP\ff_arena\android>set CMD_LINE_ARGS= 

D:\hkt\ArenaTV_FULL_BACKUP\ff_arena\android>set _SKIP=2 

D:\hkt\ArenaTV_FULL_BACKUP\ff_arena\android>if "x-q" == "x" goto execute 

D:\hkt\ArenaTV_FULL_BACKUP\ff_arena\android>set CMD_LINE_ARGS=-q -Ptarget-platform=android-arm,android-arm64,android-x64 -Ptarget=lib\main.dart -Pbase-application-name=android.app.Application -Pdart-defines=RkxVVFRFUl9WRVJTSU9OPTMuNDQuMg==,RkxVVFRFUl9DSEFOTkVMPXN0YWJsZQ==,RkxVVFRFUl9HSVRfVVJMPWh0dHBzOi8vZ2l0aHViLmNvbS9mbHV0dGVyL2ZsdXR0ZXIuZ2l0,RkxVVFRFUl9GUkFNRVdPUktfUkVWSVNJT049YzlhNmM0ODQyMw==,RkxVVFRFUl9FTkdJTkVfUkVWSVNJT049NzdlMmU5NDc3Mg==,RkxVVFRFUl9EQVJUX1ZFUlNJT049My4xMi4y -Pdart-obfuscation=false -Ptrack-widget-creation=true -Ptree-shake-icons=true -Psplit-per-abi=true assembleRelease 

D:\hkt\ArenaTV_FULL_BACKUP\ff_arena\android>goto execute 

D:\hkt\ArenaTV_FULL_BACKUP\ff_arena\android>set CLASSPATH=D:\hkt\ArenaTV_FULL_BACKUP\ff_arena\android\\gradle\wrapper\gradle-wrapper.jar 

D:\hkt\ArenaTV_FULL_BACKUP\ff_arena\android>"C:\Program Files\Android\Android Studio\jbr/bin/java.exe"    "-Dorg.gradle.appname=gradlew" -classpath "D:\hkt\ArenaTV_FULL_BACKUP\ff_arena\android\\gradle\wrapper\gradle-wrapper.jar" org.gradle.wrapper.GradleWrapperMain -q -Ptarget-platform=android-arm,android-arm64,android-x64 -Ptarget=lib\main.dart -Pbase-application-name=android.app.Application -Pdart-defines=RkxVVFRFUl9WRVJTSU9OPTMuNDQuMg==,RkxVVFRFUl9DSEFOTkVMPXN0YWJsZQ==,RkxVVFRFUl9HSVRfVVJMPWh0dHBzOi8vZ2l0aHViLmNvbS9mbHV0dGVyL2ZsdXR0ZXIuZ2l0,RkxVVFRFUl9GUkFNRVdPUktfUkVWSVNJT049YzlhNmM0ODQyMw==,RkxVVFRFUl9FTkdJTkVfUkVWSVNJT049NzdlMmU5NDc3Mg==,RkxVVFRFUl9EQVJUX1ZFUlNJT049My4xMi4y -Pdart-obfuscation=false -Ptrack-widget-creation=true -Ptree-shake-icons=true -Psplit-per-abi=true assembleRelease 
Font asset "Font-Awesome-7-Brands-Regular-400.otf" was tree-shaken, reducing it from 215132 to 2352 bytes (98.9% reduction). Tree-shaking can be disabled by providing the --no-tree-shake-icons flag when building your app.
Font asset "Font-Awesome-7-Free-Solid-900.otf" was tree-shaken, reducing it from 414664 to 1752 bytes (99.6% reduction). Tree-shaking can be disabled by providing the --no-tree-shake-icons flag when building your app.
Font asset "MaterialIcons-Regular.otf" was tree-shaken, reducing it from 1645184 to 26040 bytes (98.4% reduction). Tree-shaking can be disabled by providing the --no-tree-shake-icons flag when building your app.

D:\hkt\ArenaTV_FULL_BACKUP\ff_arena\android>if "0" == "0" goto mainEnd 

D:\hkt\ArenaTV_FULL_BACKUP\ff_arena\android>if "Windows_NT" == "Windows_NT" endlocal
Running Gradle task 'assembleRelease'...                          815.7s
√ Built build\app\outputs\flutter-apk\app-armeabi-v7a-release.apk (24.6MB)
√ Built build\app\outputs\flutter-apk\app-arm64-v8a-release.apk (26.7MB)
√ Built build\app\outputs\flutter-apk\app-x86_64-release.apk (28.1MB)
